#-----------------------------------------------------------
# Vivado v2022.1 (64-bit)
# SW Build 3526262 on Mon Apr 18 15:47:01 MDT 2022
# IP Build 3524634 on Mon Apr 18 20:55:01 MDT 2022
# Start of session at: Thu Nov 16 00:57:24 2023
# Process ID: 61915
# Current directory: /mnt/hgfs/shared_folder/LAB4_2
# Command line: vivado
# Log file: /mnt/hgfs/shared_folder/LAB4_2/vivado.log
# Journal file: /mnt/hgfs/shared_folder/LAB4_2/vivado.jou
# Running On: ubuntu, OS: Linux, CPU Frequency: 2496.000 MHz, CPU Physical cores: 16, Host memory: 16729 MB
#-----------------------------------------------------------
start_gui
open_project /mnt/hgfs/shared_folder/LAB4_2/project_1/project_1.xpr
update_compile_order -fileset sources_1
add_files -norecurse /mnt/hgfs/shared_folder/LAB4_2/lab-exmem_fir/rtl/user/lutram.v
update_compile_order -fileset sources_1
update_compile_order -fileset sources_1
reset_run synth_1
launch_runs synth_1 -jobs 6
wait_on_run synth_1
open_run synth_1 -name synth_1
update_compile_order -fileset sources_1
reset_run synth_1
launch_runs synth_1 -jobs 6
wait_on_run synth_1
reset_run synth_1
launch_runs synth_1 -jobs 6
wait_on_run synth_1
close_design
open_run synth_1 -name synth_1
reset_run synth_1
launch_runs synth_1 -jobs 6
wait_on_run synth_1
close_design
open_run synth_1 -name synth_1
reset_run synth_1
launch_runs synth_1 -jobs 6
wait_on_run synth_1
reset_run synth_1
launch_runs synth_1 -jobs 6
wait_on_run synth_1
close_design
open_run synth_1 -name synth_1
reset_run synth_1
launch_runs synth_1 -jobs 6
wait_on_run synth_1
close_design
open_run synth_1 -name synth_1
show_objects -name ram [get_cells -hierarchical -filter { PRIMITIVE_TYPE =~ BMEM.*.* } ]
show_objects -name data [get_cells -hierarchical -filter { PRIMITIVE_TYPE =~ BMEM.*.* } ]
show_objects -name data_ram [get_cells -hierarchical -filter { PRIMITIVE_TYPE =~ BMEM.*.* } ]
show_objects -name lutram [get_cells -hierarchical -filter { PRIMITIVE_TYPE =~ BMEM.*.* } ]
show_objects -name bram [get_cells -hierarchical -filter { PRIMITIVE_TYPE =~ BMEM.*.* } ]
show_objects -name tap [get_cells -hierarchical -filter { PRIMITIVE_TYPE =~ BMEM.*.* } ]
show_objects -name ram [get_nets -hierarchical -top_net_of_hierarchical_group "*" ]
show_objects -name tap [get_nets -hierarchical -top_net_of_hierarchical_group "*" ]
show_objects -name dataBRAM [get_nets -hierarchical -top_net_of_hierarchical_group "*" ]
