#-----------------------------------------------------------
# Vivado v2022.1 (64-bit)
# SW Build 3526262 on Mon Apr 18 15:47:01 MDT 2022
# IP Build 3524634 on Mon Apr 18 20:55:01 MDT 2022
# Start of session at: Thu Nov 16 01:35:12 2023
# Process ID: 79137
# Current directory: /mnt/hgfs/shared_folder/LAB4_2
# Command line: vivado
# Log file: /mnt/hgfs/shared_folder/LAB4_2/vivado.log
# Journal file: /mnt/hgfs/shared_folder/LAB4_2/vivado.jou
# Running On: ubuntu, OS: Linux, CPU Frequency: 2496.000 MHz, CPU Physical cores: 16, Host memory: 16729 MB
#-----------------------------------------------------------
start_gui
create_project project_2 /mnt/hgfs/shared_folder/LAB4_2/project_2 -part xc7z020clg400-1
set_property board_part tul.com.tw:pynq-z2:part0:1.0 [current_project]
add_files -norecurse {/mnt/hgfs/shared_folder/LAB4_2/lab-exmem_fir/rtl/user/lutram.v /mnt/hgfs/shared_folder/LAB4_2/lab-exmem_fir/rtl/user/user_project_wrapper.v /mnt/hgfs/shared_folder/LAB4_2/lab-exmem_fir/rtl/user/user_proj_example.gcd.v /mnt/hgfs/shared_folder/LAB4_2/lab-exmem_fir/rtl/user/wb2axi.v /mnt/hgfs/shared_folder/LAB4_2/lab-exmem_fir/rtl/user/fir.v /mnt/hgfs/shared_folder/LAB4_2/lab-exmem_fir/rtl/user/user_proj_example.counter.v /mnt/hgfs/shared_folder/LAB4_2/lab-exmem_fir/rtl/user/bram.v /mnt/hgfs/shared_folder/LAB4_2/lab-exmem_fir/rtl/user/bram12.v /mnt/hgfs/shared_folder/LAB4_2/lab-exmem_fir/rtl/user/bram11.v}
update_compile_order -fileset sources_1
update_compile_order -fileset sources_1
export_ip_user_files -of_objects  [get_files /mnt/hgfs/shared_folder/LAB4_2/lab-exmem_fir/rtl/user/user_proj_example.gcd.v] -no_script -reset -force -quiet
remove_files  /mnt/hgfs/shared_folder/LAB4_2/lab-exmem_fir/rtl/user/user_proj_example.gcd.v
export_ip_user_files -of_objects  [get_files /mnt/hgfs/shared_folder/LAB4_2/lab-exmem_fir/rtl/user/bram11.v] -no_script -reset -force -quiet
export_ip_user_files -of_objects  [get_files /mnt/hgfs/shared_folder/LAB4_2/lab-exmem_fir/rtl/user/bram12.v] -no_script -reset -force -quiet
remove_files  {/mnt/hgfs/shared_folder/LAB4_2/lab-exmem_fir/rtl/user/bram11.v /mnt/hgfs/shared_folder/LAB4_2/lab-exmem_fir/rtl/user/bram12.v}
launch_runs synth_1 -jobs 6
wait_on_run synth_1
open_run synth_1 -name synth_1
reset_run synth_1
launch_runs synth_1 -jobs 6
wait_on_run synth_1
close_design
open_run synth_1 -name synth_1
reset_run synth_1
launch_runs synth_1 -jobs 6
wait_on_run synth_1
refresh_design
create_clock -period 10.000 -name wb_clk_i -waveform {0.000 5.000} [get_ports wb_clk_i]
file mkdir /mnt/hgfs/shared_folder/LAB4_2/project_2/project_2.srcs/constrs_1/new
close [ open /mnt/hgfs/shared_folder/LAB4_2/project_2/project_2.srcs/constrs_1/new/constrain.xdc w ]
add_files -fileset constrs_1 /mnt/hgfs/shared_folder/LAB4_2/project_2/project_2.srcs/constrs_1/new/constrain.xdc
set_property target_constrs_file /mnt/hgfs/shared_folder/LAB4_2/project_2/project_2.srcs/constrs_1/new/constrain.xdc [current_fileset -constrset]
save_constraints -force
reset_run synth_1
launch_runs synth_1 -jobs 6
wait_on_run synth_1
close_design
open_run synth_1 -name synth_1
reset_run synth_1
launch_runs synth_1 -jobs 6
wait_on_run synth_1
close_design
open_run synth_1 -name synth_1
reset_run synth_1
launch_runs synth_1 -jobs 6
wait_on_run synth_1
close_design
open_run synth_1 -name synth_1
reset_run synth_1
launch_runs synth_1 -jobs 6
wait_on_run synth_1
close_design
open_run synth_1 -name synth_1
report_timing_summary -delay_type min_max -report_unconstrained -check_timing_verbose -max_paths 10 -input_pins -routable_nets -name timing_1
show_objects -name fir [get_cells -hierarchical -filter { PRIMITIVE_TYPE =~ BMEM.*.* } ]
reset_run synth_1
launch_runs synth_1 -jobs 6
wait_on_run synth_1
close_design
open_run synth_1 -name synth_1
report_timing_summary -delay_type min_max -report_unconstrained -check_timing_verbose -max_paths 10 -input_pins -routable_nets -name timing_1 -file /mnt/hgfs/shared_folder/LAB4_2/project_2/timing_report.txt
save_constraints
reset_run synth_1
launch_runs synth_1 -jobs 6
wait_on_run synth_1
close_design
open_run synth_1 -name synth_1
report_timing_summary -delay_type min_max -report_unconstrained -check_timing_verbose -max_paths 10 -input_pins -routable_nets -name timing_1
save_constraints
reset_run synth_1
launch_runs synth_1 -jobs 6
wait_on_run synth_1
close_design
open_run synth_1 -name synth_1
report_timing_summary -delay_type min_max -report_unconstrained -check_timing_verbose -max_paths 10 -input_pins -routable_nets -name timing_1
report_timing_summary -delay_type min_max -report_unconstrained -check_timing_verbose -max_paths 10 -input_pins -routable_nets -name timing_2 -file /mnt/hgfs/shared_folder/LAB4_2/project_2/timing_report.txt
