Archive member included to satisfy reference by file (symbol)

/opt/riscv/lib/gcc/riscv32-unknown-elf/12.1.0/libgcc.a(muldi3.o)
                              counter_la_fir.elf-fir.o (__mulsi3)

Memory Configuration

Name             Origin             Length             Attributes
vexriscv_debug   0x00000000f00f0000 0x0000000000000100
dff              0x0000000000000000 0x0000000000000400
dff2             0x0000000000000400 0x0000000000000200
flash            0x0000000010000000 0x0000000001000000
mprj             0x0000000030000000 0x0000000000100000
mprjram          0x0000000038000000 0x0000000000400000
hk               0x0000000026000000 0x0000000000100000
csr              0x00000000f0000000 0x0000000000010000
*default*        0x0000000000000000 0xffffffffffffffff

Linker script and memory map

                0x0000000000000000                __DYNAMIC = 0x0

.text           0x0000000010000000      0x80c
                0x0000000010000000                _ftext = .
 *crt0*(.text)
 .text          0x0000000010000000      0x144 counter_la_fir.elf-crt0_vex.o
                0x0000000010000000                _start
                0x0000000010000020                trap_entry
 *crt0*(.text)
 *(.text.isr)
                0x0000000010000144                _etext = .
 .text          0x0000000010000144       0xb4 counter_la_fir.elf-isr.o
                0x00000000100001a4                isr
 .text          0x00000000100001f8        0x0 counter_la_fir.elf-fir.o
 .text          0x00000000100001f8      0x614 counter_la_fir.elf-counter_la_fir.o
                0x0000000010000230                putchar
                0x0000000010000298                print
                0x00000000100002ec                main

.rodata         0x000000001000080c        0x4
                0x0000000010000810                . = ALIGN (0x8)
 *fill*         0x000000001000080c        0x4 
                0x0000000010000810                _frodata = .
 *(.rodata .rodata.* .gnu.linkonce.r.*)
 *(.rodata1)
                0x0000000010000810                . = ALIGN (0x8)
                0x0000000010000810                _erodata = .

.srodata        0x0000000010000810        0x8
 .srodata       0x0000000010000810        0x8 counter_la_fir.elf-fir.o
                0x0000000010000810                AP_START
                0x0000000010000814                FIR_DATA_DONE

.data           0x0000000000000000       0x60 load address 0x0000000010000818
                0x0000000000000000                . = ALIGN (0x8)
                0x0000000000000000                _fdata = .
 *(.data .data.* .gnu.linkonce.d.*)
 .data          0x0000000000000000        0x0 counter_la_fir.elf-crt0_vex.o
 .data          0x0000000000000000        0x0 counter_la_fir.elf-isr.o
 .data          0x0000000000000000       0x58 counter_la_fir.elf-fir.o
                0x0000000000000000                taps
                0x000000000000002c                inputsignal
 .data          0x0000000000000058        0x0 counter_la_fir.elf-counter_la_fir.o
 .data          0x0000000000000058        0x0 /opt/riscv/lib/gcc/riscv32-unknown-elf/12.1.0/libgcc.a(muldi3.o)
 *(.data1)
                0x0000000000000060                _gp = ALIGN (0x10)
 *(.sdata .sdata.* .gnu.linkonce.s.*)
 .sdata         0x0000000000000058        0x4 counter_la_fir.elf-fir.o
                0x0000000000000058                base_addr
                0x0000000000000060                . = ALIGN (0x8)
 *fill*         0x000000000000005c        0x4 
                0x0000000000000060                _edata = .

.bss            0x0000000000000060       0x60 load address 0x0000000010000878
                0x0000000000000060                . = ALIGN (0x8)
                0x0000000000000060                _fbss = .
 *(.dynsbss)
 *(.sbss .sbss.* .gnu.linkonce.sb.*)
 .sbss          0x0000000000000060        0x2 counter_la_fir.elf-isr.o
                0x0000000000000060                flag
 *fill*         0x0000000000000062        0x2 
 .sbss          0x0000000000000064        0x4 counter_la_fir.elf-fir.o
                0x0000000000000064                ptr
 *(.scommon)
 *(.dynbss)
 *(.bss .bss.* .gnu.linkonce.b.*)
 .bss           0x0000000000000068        0x0 counter_la_fir.elf-crt0_vex.o
 .bss           0x0000000000000068        0x0 counter_la_fir.elf-isr.o
 .bss           0x0000000000000068       0x58 counter_la_fir.elf-fir.o
                0x0000000000000068                outputsignal
                0x0000000000000094                o_taps
 .bss           0x00000000000000c0        0x0 counter_la_fir.elf-counter_la_fir.o
 .bss           0x00000000000000c0        0x0 /opt/riscv/lib/gcc/riscv32-unknown-elf/12.1.0/libgcc.a(muldi3.o)
 *(COMMON)
                0x00000000000000c0                . = ALIGN (0x8)
                0x00000000000000c0                _ebss = .
                0x00000000000000c0                _end = .

.mprjram        0x0000000038000000      0x1e8 load address 0x0000000010000878
                0x0000000038000000                . = ALIGN (0x8)
                0x0000000038000000                _fsram = .
 *libgcc.a:*(.text .text.*)
 .text          0x0000000038000000       0x24 /opt/riscv/lib/gcc/riscv32-unknown-elf/12.1.0/libgcc.a(muldi3.o)
                0x0000000038000000                __mulsi3
 .mprjram       0x0000000038000024      0x1c4 counter_la_fir.elf-fir.o
                0x0000000038000024                fir
                0x0000000038000100                fir_tap
                0x0000000038000170                fir_data
                0x0000000000000600                PROVIDE (_fstack = (ORIGIN (dff2) + LENGTH (dff2)))
                0x0000000010000818                PROVIDE (_fdata_rom = LOADADDR (.data))
                [!provide]                        PROVIDE (_edata_rom = (LOADADDR (.data) + SIZEOF (.data)))
                0x00000000380001e8                PROVIDE (_esram = (ORIGIN (mprjram) + SIZEOF (.mprjram)))
                0x0000000010000878                PROVIDE (_esram_rom = LOADADDR (.mprjram))
LOAD counter_la_fir.elf-crt0_vex.o
LOAD counter_la_fir.elf-isr.o
LOAD counter_la_fir.elf-fir.o
LOAD counter_la_fir.elf-counter_la_fir.o
LOAD /opt/riscv/lib/gcc/riscv32-unknown-elf/12.1.0/libgcc.a
START GROUP
LOAD /opt/riscv/lib/gcc/riscv32-unknown-elf/12.1.0/../../../../riscv32-unknown-elf/lib/libc.a
LOAD /opt/riscv/lib/gcc/riscv32-unknown-elf/12.1.0/../../../../riscv32-unknown-elf/lib/libgloss.a
END GROUP
LOAD /opt/riscv/lib/gcc/riscv32-unknown-elf/12.1.0/libgcc.a
OUTPUT(counter_la_fir.elf elf32-littleriscv)

.rela.dyn       0x00000000380001e8        0x0 load address 0x0000000010000a60
 .rela.text     0x00000000380001e8        0x0 counter_la_fir.elf-crt0_vex.o

.riscv.attributes
                0x0000000000000000       0x20
 .riscv.attributes
                0x0000000000000000       0x1e counter_la_fir.elf-crt0_vex.o
 .riscv.attributes
                0x000000000000001e       0x20 counter_la_fir.elf-isr.o
 .riscv.attributes
                0x000000000000003e       0x1c counter_la_fir.elf-fir.o
 .riscv.attributes
                0x000000000000005a       0x1c counter_la_fir.elf-counter_la_fir.o
 .riscv.attributes
                0x0000000000000076       0x1a /opt/riscv/lib/gcc/riscv32-unknown-elf/12.1.0/libgcc.a(muldi3.o)

.comment        0x0000000000000000       0x1b
 .comment       0x0000000000000000       0x1b counter_la_fir.elf-isr.o
                                         0x1c (size before relaxing)
 .comment       0x000000000000001b       0x1c counter_la_fir.elf-fir.o
 .comment       0x000000000000001b       0x1c counter_la_fir.elf-counter_la_fir.o

.debug_line     0x0000000000000000      0xb74
 .debug_line    0x0000000000000000      0x204 counter_la_fir.elf-crt0_vex.o
 .debug_line    0x0000000000000204       0xd1 counter_la_fir.elf-isr.o
 .debug_line    0x00000000000002d5      0x210 counter_la_fir.elf-fir.o
 .debug_line    0x00000000000004e5      0x615 counter_la_fir.elf-counter_la_fir.o
 .debug_line    0x0000000000000afa       0x7a /opt/riscv/lib/gcc/riscv32-unknown-elf/12.1.0/libgcc.a(muldi3.o)

.debug_line_str
                0x0000000000000000      0x18a
 .debug_line_str
                0x0000000000000000       0x6d counter_la_fir.elf-crt0_vex.o
 .debug_line_str
                0x000000000000006d       0x6b counter_la_fir.elf-isr.o
                                        0x12c (size before relaxing)
 .debug_line_str
                0x00000000000000d8        0x6 counter_la_fir.elf-fir.o
                                        0x101 (size before relaxing)
 .debug_line_str
                0x00000000000000de       0x18 counter_la_fir.elf-counter_la_fir.o
                                        0x13b (size before relaxing)
 .debug_line_str
                0x00000000000000f6       0x94 /opt/riscv/lib/gcc/riscv32-unknown-elf/12.1.0/libgcc.a(muldi3.o)

.debug_info     0x0000000000000000      0x47a
 .debug_info    0x0000000000000000       0x25 counter_la_fir.elf-crt0_vex.o
 .debug_info    0x0000000000000025       0xed counter_la_fir.elf-isr.o
 .debug_info    0x0000000000000112      0x1c3 counter_la_fir.elf-fir.o
 .debug_info    0x00000000000002d5      0x176 counter_la_fir.elf-counter_la_fir.o
 .debug_info    0x000000000000044b       0x2f /opt/riscv/lib/gcc/riscv32-unknown-elf/12.1.0/libgcc.a(muldi3.o)

.debug_abbrev   0x0000000000000000      0x2d0
 .debug_abbrev  0x0000000000000000       0x14 counter_la_fir.elf-crt0_vex.o
 .debug_abbrev  0x0000000000000014       0xa9 counter_la_fir.elf-isr.o
 .debug_abbrev  0x00000000000000bd       0xdb counter_la_fir.elf-fir.o
 .debug_abbrev  0x0000000000000198      0x117 counter_la_fir.elf-counter_la_fir.o
 .debug_abbrev  0x00000000000002af       0x21 /opt/riscv/lib/gcc/riscv32-unknown-elf/12.1.0/libgcc.a(muldi3.o)

.debug_aranges  0x0000000000000000       0xb0
 .debug_aranges
                0x0000000000000000       0x20 counter_la_fir.elf-crt0_vex.o
 .debug_aranges
                0x0000000000000020       0x20 counter_la_fir.elf-isr.o
 .debug_aranges
                0x0000000000000040       0x30 counter_la_fir.elf-fir.o
 .debug_aranges
                0x0000000000000070       0x20 counter_la_fir.elf-counter_la_fir.o
 .debug_aranges
                0x0000000000000090       0x20 /opt/riscv/lib/gcc/riscv32-unknown-elf/12.1.0/libgcc.a(muldi3.o)

.debug_str      0x0000000000000000      0x267
 .debug_str     0x0000000000000000       0x79 counter_la_fir.elf-crt0_vex.o
 .debug_str     0x0000000000000079       0xec counter_la_fir.elf-isr.o
                                        0x125 (size before relaxing)
 .debug_str     0x0000000000000165       0x52 counter_la_fir.elf-fir.o
                                        0x13b (size before relaxing)
 .debug_str     0x00000000000001b7       0x13 counter_la_fir.elf-counter_la_fir.o
                                        0x142 (size before relaxing)
 .debug_str     0x00000000000001ca       0x9d /opt/riscv/lib/gcc/riscv32-unknown-elf/12.1.0/libgcc.a(muldi3.o)
                                         0xa9 (size before relaxing)

.debug_frame    0x0000000000000000      0x1f8
 .debug_frame   0x0000000000000000       0xa4 counter_la_fir.elf-isr.o
 .debug_frame   0x00000000000000a4       0x84 counter_la_fir.elf-fir.o
 .debug_frame   0x0000000000000128       0xd0 counter_la_fir.elf-counter_la_fir.o

.debug_rnglists
                0x0000000000000000       0x28
 .debug_rnglists
                0x0000000000000000       0x28 counter_la_fir.elf-fir.o
